---
source: tui_app_server/src/bottom_pane/chat_composer.rs
expression: terminal.backend()
---
"                                                                                                    "
"› short                                                                                             "
"                                                                                                    "
"                                                                                                    "
"                                                                                                    "
"                                                                                                    "
"                                                                                                    "
"                                                                                                    "
"                                                                                                    "
"                                                                                 100% context left  "
