---
source: tui_app_server/src/bottom_pane/chat_composer.rs
expression: terminal.backend()
---
"                    "
"› Test              "
"                    "
"                    "
"                    "
"                    "
"                    "
"                    "
"  tab to queue      "
