---
source: tui/src/bottom_pane/request_user_input/mod.rs
expression: "render_snapshot(&overlay, area)"
---
                                                                                                                        
  Question 1/1                                                                                                          
  Area                                                                                                                  
  Choose an option.                                                                                                     
  (x) Option 1  First choice.                                                                                           
  ( ) Option 2  Second choice.                                                                                          
  ( ) Option 3  Third choice.                                                                                           
  Notes for Option 1                                                                                                    
                                                                                                                        
  › Add notes                                                                                                           
                                                                                                                        
                                                                                                                        
                                                                                                                        
                                                                                                                        
  Option 1 of 3 | ↑/↓ scroll | Tab: clear notes | Enter: submit answer | Esc: interrupt
