---
source: tui/src/bottom_pane/request_user_input/mod.rs
expression: "render_snapshot(&overlay, area)"
---
                                                                                                              
  Question 1/1                                                                                                
  Next Step                                                                                                   
  Choose the next step for this task.                                                                         
                                                                                                              
  (x) Discuss a code change  Walk through a plan, then implement it together with careful checks.             
  ( ) Run targeted tests     Pick the most relevant crate and validate the current behavior first.            
  ( ) Review the diff        Summarize the changes and highlight the most important risks and gaps.           
                                                                                                              
  Option 1 of 3 | ↑/↓ scroll | Tab: add notes | Enter: submit answer | Esc: interrupt
