---
source: tui2/src/bottom_pane/list_selection_view.rs
assertion_line: 640
expression: "render_lines_with_width(&view, 40)"
---
                                        
  Select Approval Mode                  
                                        
› 1. Read Only (current)  Codex can     
                          read files    
                                        
  Note: Use /setup-elevated-sandbox to  
  allow network access.                 
  Press enter to confirm or esc to go ba
