---
source: tui_app_server/src/chatwidget/tests.rs
expression: popup
---
  Plugins
  Browse plugins from available marketplaces.
  Installed 1 of 4 available plugins.
  Using cached marketplace data: remote sync timed out

  Type to search plugins
› Bravo Search · ChatGPT Marketplace     Can be installed. Press Enter to view plugin details.
  Alpha Sync · ChatGPT Marketplace       Installed · Disabled · ChatGPT Marketplace · Already
                                         installed but disabled.
  Starter · ChatGPT Marketplace          Available by default · ChatGPT Marketplace · Included by
                                         default.
  Hidden Repo Plugin · Repo Marketplace  Can be installed · Repo Marketplace · Should not be shown
                                         in /plugins.

  Press esc to close.
