---
source: tui_app_server/src/chatwidget/tests.rs
expression: popup
---
  Plugins
  Browse plugins from available marketplaces.
  Installed 1 of 4 available plugins.
  Using cached marketplace data: remote sync timed out

  Type to search plugins
› Alpha Sync · ChatGPT Marketplace       Installed · Disabled. Press Enter to view plugin details.
  Bravo Search · ChatGPT Marketplace     Can be installed · ChatGPT Marketplace · Search docs and
                                         tickets.
  Hidden Repo Plugin · Repo Marketplace  Can be installed · Repo Marketplace · Should not be shown
                                         in /plugins.
  Starter · ChatGPT Marketplace          Available by default · ChatGPT Marketplace · Included by
                                         default.

  Press esc to close.
