---
source: tui2/src/history_cell.rs
expression: "format!(\"narrow:\\n{narrow}\\n\\nwide:\\n{wide}\")"
---
narrow:
• - This is a long list item
    that should reflow when
    the viewport width
    changes.


  > A blockquote that also
  > reflows across widths.

wide:
• - This is a long list item that should reflow when the viewport
    width changes.


  > A blockquote that also reflows across widths.
