---
source: tui_app_server/src/onboarding/trust_directory.rs
expression: terminal.backend()
---
> You are in /workspace/project

  Do you trust the contents of this directory? Working with untrusted
  contents comes with higher risk of prompt injection.

› 1. Yes, continue                                                    
  2. No, quit

  Press enter to continue
