---
source: tui/src/chatwidget/tests.rs
expression: popup
---
  Experimental features
  Toggle experimental features. Changes are saved to config.toml.

› [ ] JavaScript REPL              Enable a persistent Node-backed JavaScript REPL for interactive website debugging
                                   and other inline JavaScript execution capabilities. Requires Node >= v22.22.0
                                   installed.
  [ ] Multi-agents                 Ask Codex to spawn multiple agents to parallelize the work and win in efficiency.
  [ ] Apps                         Use a connected ChatGPT App using "$". Install Apps via /apps command. Restart
                                   Codex after enabling.
  [ ] Automatic approval review    Dispatch `on-request` approval prompts (for e.g. sandbox escapes or blocked network
                                   access) to a carefully-prompted security reviewer subagent rather than blocking the
                                   agent on your input.
  [ ] Prevent sleep while running  Keep your computer awake while Codex is running a thread.

  Press space to select or enter to save for next conversation
