---
source: tui/src/chatwidget/tests.rs
assertion_line: 6001
expression: popup
---
  Enable multi-agent?
  Multi-agent is currently disabled in your config.

› 1. Yes, enable  Save the setting now. You will need a new session to use it.
  2. Not now      Keep multi-agent disabled.

  Press enter to confirm or esc to go back
