---
source: tui/src/chatwidget/tests.rs
expression: terminal.backend()
---
"                                                                                "
"• Working (0s • esc to interrupt)                                               "
"  1 background terminal running · /ps to view                                   "
"                                                                                "
"                                                                                "
"› Ask Codex to do anything                                                      "
"                                                                                "
"  ? for shortcuts                                            100% context left  "
